celery : [2024-03-05 18:33:22,754: WARNING/MainProcess] C:\Users\lolo\Desktop\Programacion\prueba micha_app\bosquejo\venv\Lib\site-packages\celery\worker\consumer\consumer.py:507: 
CPendingDeprecationWarning: The broker_connection_retry configuration setting will no longer determine
En línea: 1 Carácter: 1
+ celery -A bosquejo worker -Q email_queue --loglevel=info > logs.txt 2 ...
+ ~~~~~~~~~~~~~~~~~~~~~~~~~~~~~~~~~~~~~~~~~~~~~~~~~~~~~~~~~~~~~~~~~~~~~
    + CategoryInfo          : NotSpecified: ([2024-03-05 18:...onger determine:String) [], RemoteException
    + FullyQualifiedErrorId : NativeCommandError
 
whether broker connection retries are made during startup in Celery 6.0 and above.
If you wish to retain the existing behavior for retrying connections on startup,
you should set broker_connection_retry_on_startup to True.
  warnings.warn(

[2024-03-05 18:33:22,799: INFO/MainProcess] Connected to amqp://guest:**@127.0.0.1:5672//
[2024-03-05 18:33:22,801: WARNING/MainProcess] C:\Users\lolo\Desktop\Programacion\prueba micha_app\bosquejo\venv\Lib\site-packages\celery\worker\consumer\consumer.py:507: CPendingDeprecationWarning: 
The broker_connection_retry configuration setting will no longer determine
whether broker connection retries are made during startup in Celery 6.0 and above.
If you wish to retain the existing behavior for retrying connections on startup,
you should set broker_connection_retry_on_startup to True.
  warnings.warn(

[2024-03-05 18:33:22,819: INFO/MainProcess] mingle: searching for neighbors
[2024-03-05 18:33:23,343: INFO/SpawnPoolWorker-5] child process 5216 calling self.run()
[2024-03-05 18:33:23,363: INFO/SpawnPoolWorker-1] child process 12040 calling self.run()
[2024-03-05 18:33:23,375: INFO/SpawnPoolWorker-3] child process 30328 calling self.run()
[2024-03-05 18:33:23,390: INFO/SpawnPoolWorker-4] child process 19944 calling self.run()
[2024-03-05 18:33:23,392: INFO/SpawnPoolWorker-2] child process 29716 calling self.run()
[2024-03-05 18:33:23,415: INFO/SpawnPoolWorker-6] child process 27924 calling self.run()
[2024-03-05 18:33:23,436: INFO/SpawnPoolWorker-15] child process 21916 calling self.run()
[2024-03-05 18:33:23,445: INFO/SpawnPoolWorker-8] child process 8148 calling self.run()
[2024-03-05 18:33:23,449: INFO/SpawnPoolWorker-7] child process 23792 calling self.run()
[2024-03-05 18:33:23,458: INFO/SpawnPoolWorker-9] child process 27152 calling self.run()
[2024-03-05 18:33:23,469: INFO/SpawnPoolWorker-12] child process 9336 calling self.run()
[2024-03-05 18:33:23,501: INFO/SpawnPoolWorker-11] child process 24988 calling self.run()
[2024-03-05 18:33:23,507: INFO/SpawnPoolWorker-14] child process 29004 calling self.run()
[2024-03-05 18:33:23,513: INFO/SpawnPoolWorker-10] child process 27768 calling self.run()
[2024-03-05 18:33:23,519: INFO/SpawnPoolWorker-13] child process 29148 calling self.run()
[2024-03-05 18:33:23,521: INFO/SpawnPoolWorker-16] child process 27276 calling self.run()
[2024-03-05 18:33:23,904: INFO/MainProcess] mingle: all alone
[2024-03-05 18:33:24,037: INFO/MainProcess] celery@ECOPE-CACUELLARH ready.
[2024-03-05 18:33:26,560: INFO/SpawnPoolWorker-17] child process 21292 calling self.run()
[2024-03-05 18:35:20,785: INFO/MainProcess] Task bosquejo.tasks.email_token[d939d993-646d-4473-a5b3-1c73d71a8add] received
[2024-03-05 18:35:21,895: INFO/SpawnPoolWorker-20] child process 26960 calling self.run()
[2024-03-05 18:35:21,895: INFO/SpawnPoolWorker-18] child process 14064 calling self.run()
[2024-03-05 18:35:21,895: INFO/SpawnPoolWorker-19] child process 23432 calling self.run()
[2024-03-05 18:35:24,271: INFO/SpawnPoolWorker-21] child process 9456 calling self.run()
